test/10k/canvas_aquarium.tidy.html:45: [definite] TypeError, argument is not of expected type: HTMLElement.prototype
test/10k/canvas_aquarium.tidy.html:45: [definite] TypeError, argument is not of expected type: ImageData
test/10k/canvas_aquarium.tidy.html:45: [definite] TypeError, non-HTMLImageElement or non-HTMLCanvasElement as argument to drawImage
test/10k/canvas_aquarium.tidy.html:41: [definite] Unreachable code
test/10k/canvas_aquarium.tidy.html:86: [definite] Dead assignment, property k is never read
test/10k/canvas_aquarium.tidy.html:91: [definite] Dead assignment, property i is never read
test/10k/canvas_aquarium.tidy.html:92: [definite] Dead assignment, property w is never read
test/10k/canvas_aquarium.tidy.html:178: [definite] Dead assignment, property n is never read
test/10k/canvas_aquarium.tidy.html:201: [definite] Unreachable code
test/10k/canvas_aquarium.tidy.html:377: [definite] Unreachable code
test/10k/canvas_aquarium.tidy.html:38: [maybe] Reading absent property addColorStop
test/10k/canvas_aquarium.tidy.html:38: [maybe] TypeError, call to non-function
test/10k/canvas_aquarium.tidy.html:38: [maybe] TypeError, reading property of null/undefined
test/10k/canvas_aquarium.tidy.html:41: [maybe] Reading absent property (computed name)
test/10k/canvas_aquarium.tidy.html:45: [maybe] Reading absent property apply
test/10k/canvas_aquarium.tidy.html:45: [maybe] Too many parameters to function CanvasRenderingContext2D.prototype.arc
test/10k/canvas_aquarium.tidy.html:45: [maybe] Too many parameters to function CanvasRenderingContext2D.prototype.arcTo
test/10k/canvas_aquarium.tidy.html:45: [maybe] Too many parameters to function CanvasRenderingContext2D.prototype.beginPath
test/10k/canvas_aquarium.tidy.html:45: [maybe] Too many parameters to function CanvasRenderingContext2D.prototype.bezierCurveTo
test/10k/canvas_aquarium.tidy.html:45: [maybe] Too many parameters to function CanvasRenderingContext2D.prototype.clearRect
test/10k/canvas_aquarium.tidy.html:45: [maybe] Too many parameters to function CanvasRenderingContext2D.prototype.clip
test/10k/canvas_aquarium.tidy.html:45: [maybe] Too many parameters to function CanvasRenderingContext2D.prototype.closePath
test/10k/canvas_aquarium.tidy.html:45: [maybe] Too many parameters to function CanvasRenderingContext2D.prototype.createImageData
test/10k/canvas_aquarium.tidy.html:45: [maybe] Too many parameters to function CanvasRenderingContext2D.prototype.createLinearGradient
test/10k/canvas_aquarium.tidy.html:45: [maybe] Too many parameters to function CanvasRenderingContext2D.prototype.createPattern
test/10k/canvas_aquarium.tidy.html:45: [maybe] Too many parameters to function CanvasRenderingContext2D.prototype.createRadialGradient
test/10k/canvas_aquarium.tidy.html:45: [maybe] Too many parameters to function CanvasRenderingContext2D.prototype.drawFocusRing
test/10k/canvas_aquarium.tidy.html:45: [maybe] Too many parameters to function CanvasRenderingContext2D.prototype.fill
test/10k/canvas_aquarium.tidy.html:45: [maybe] Too many parameters to function CanvasRenderingContext2D.prototype.fillRect
test/10k/canvas_aquarium.tidy.html:45: [maybe] Too many parameters to function CanvasRenderingContext2D.prototype.fillText
test/10k/canvas_aquarium.tidy.html:45: [maybe] Too many parameters to function CanvasRenderingContext2D.prototype.getImageData
test/10k/canvas_aquarium.tidy.html:45: [maybe] Too many parameters to function CanvasRenderingContext2D.prototype.isPointInPath
test/10k/canvas_aquarium.tidy.html:45: [maybe] Too many parameters to function CanvasRenderingContext2D.prototype.lineTo
test/10k/canvas_aquarium.tidy.html:45: [maybe] Too many parameters to function CanvasRenderingContext2D.prototype.measureText
test/10k/canvas_aquarium.tidy.html:45: [maybe] Too many parameters to function CanvasRenderingContext2D.prototype.moveTo
test/10k/canvas_aquarium.tidy.html:45: [maybe] Too many parameters to function CanvasRenderingContext2D.prototype.quadraticCurveTo
test/10k/canvas_aquarium.tidy.html:45: [maybe] Too many parameters to function CanvasRenderingContext2D.prototype.rect
test/10k/canvas_aquarium.tidy.html:45: [maybe] Too many parameters to function CanvasRenderingContext2D.prototype.restore
test/10k/canvas_aquarium.tidy.html:45: [maybe] Too many parameters to function CanvasRenderingContext2D.prototype.rotate
test/10k/canvas_aquarium.tidy.html:45: [maybe] Too many parameters to function CanvasRenderingContext2D.prototype.save
test/10k/canvas_aquarium.tidy.html:45: [maybe] Too many parameters to function CanvasRenderingContext2D.prototype.scale
test/10k/canvas_aquarium.tidy.html:45: [maybe] Too many parameters to function CanvasRenderingContext2D.prototype.setTransform
test/10k/canvas_aquarium.tidy.html:45: [maybe] Too many parameters to function CanvasRenderingContext2D.prototype.stroke
test/10k/canvas_aquarium.tidy.html:45: [maybe] Too many parameters to function CanvasRenderingContext2D.prototype.strokeRect
test/10k/canvas_aquarium.tidy.html:45: [maybe] Too many parameters to function CanvasRenderingContext2D.prototype.strokeText
test/10k/canvas_aquarium.tidy.html:45: [maybe] Too many parameters to function CanvasRenderingContext2D.prototype.transform
test/10k/canvas_aquarium.tidy.html:45: [maybe] Too many parameters to function CanvasRenderingContext2D.prototype.translate
test/10k/canvas_aquarium.tidy.html:45: [maybe] Too many parameters to function Object
test/10k/canvas_aquarium.tidy.html:45: [maybe] Too many parameters to function Object.prototype.hasOwnProperty
test/10k/canvas_aquarium.tidy.html:45: [maybe] Too many parameters to function Object.prototype.isPrototypeOf
test/10k/canvas_aquarium.tidy.html:45: [maybe] Too many parameters to function Object.prototype.propertyIsEnumerable
test/10k/canvas_aquarium.tidy.html:45: [maybe] Too many parameters to function Object.prototype.toLocaleString
test/10k/canvas_aquarium.tidy.html:45: [maybe] Too many parameters to function Object.prototype.toString
test/10k/canvas_aquarium.tidy.html:45: [maybe] Too many parameters to function Object.prototype.valueOf
test/10k/canvas_aquarium.tidy.html:45: [maybe] TypeError, call to non-function
test/10k/canvas_aquarium.tidy.html:45: [maybe] TypeError, inf or NaN as arguments to CanvasRenderingContext2D.putImageData
test/10k/canvas_aquarium.tidy.html:45: [maybe] TypeError, reading property of null/undefined
test/10k/canvas_aquarium.tidy.html:118: [maybe] Reading absent property canvas
test/10k/canvas_aquarium.tidy.html:119: [maybe] Reading absent property i
test/10k/canvas_aquarium.tidy.html:119: [maybe] Reading absent property k
test/10k/canvas_aquarium.tidy.html:120: [maybe] Reading absent property i
test/10k/canvas_aquarium.tidy.html:120: [maybe] Reading absent property i
test/10k/canvas_aquarium.tidy.html:120: [maybe] Reading absent property i
test/10k/canvas_aquarium.tidy.html:120: [maybe] Reading absent property i
test/10k/canvas_aquarium.tidy.html:120: [maybe] Reading absent property k
test/10k/canvas_aquarium.tidy.html:120: [maybe] Reading absent property k
test/10k/canvas_aquarium.tidy.html:120: [maybe] Reading absent property x
test/10k/canvas_aquarium.tidy.html:120: [maybe] Reading absent property x
test/10k/canvas_aquarium.tidy.html:121: [maybe] Reading absent property i
test/10k/canvas_aquarium.tidy.html:122: [maybe] Reading absent property height
test/10k/canvas_aquarium.tidy.html:122: [maybe] Reading absent property w
test/10k/canvas_aquarium.tidy.html:122: [maybe] Reading absent property width
test/10k/canvas_aquarium.tidy.html:122: [maybe] TypeError, non-HTMLImageElement or non-HTMLCanvasElement as argument to drawImage
test/10k/canvas_aquarium.tidy.html:122: [maybe] TypeError, reading property of null/undefined
test/10k/canvas_aquarium.tidy.html:151: [maybe] Reading absent property canvas
test/10k/canvas_aquarium.tidy.html:152: [maybe] Reading absent property y
test/10k/canvas_aquarium.tidy.html:156: [maybe] Reading absent property y
test/10k/canvas_aquarium.tidy.html:156: [maybe] Reading absent property y
test/10k/canvas_aquarium.tidy.html:157: [maybe] Reading absent property x
test/10k/canvas_aquarium.tidy.html:157: [maybe] Reading absent property x
test/10k/canvas_aquarium.tidy.html:159: [maybe] Reading absent property x
test/10k/canvas_aquarium.tidy.html:159: [maybe] Reading absent property y
test/10k/canvas_aquarium.tidy.html:159: [maybe] TypeError, non-HTMLImageElement or non-HTMLCanvasElement as argument to drawImage
test/10k/canvas_aquarium.tidy.html:194: [maybe] Reading absent property height
test/10k/canvas_aquarium.tidy.html:194: [maybe] TypeError, reading property of null/undefined
test/10k/canvas_aquarium.tidy.html:197: [maybe] Reading absent property height
test/10k/canvas_aquarium.tidy.html:197: [maybe] Reading absent property height
test/10k/canvas_aquarium.tidy.html:198: [maybe] Reading absent property height
test/10k/canvas_aquarium.tidy.html:198: [maybe] Reading absent property height
test/10k/canvas_aquarium.tidy.html:199: [maybe] Reading absent property height
test/10k/canvas_aquarium.tidy.html:199: [maybe] Reading absent property height
test/10k/canvas_aquarium.tidy.html:205: [maybe] Reading absent property height
test/10k/canvas_aquarium.tidy.html:205: [maybe] Reading absent property width
test/10k/canvas_aquarium.tidy.html:244: [maybe] Reading absent property height
test/10k/canvas_aquarium.tidy.html:244: [maybe] Reading absent property height
test/10k/canvas_aquarium.tidy.html:248: [maybe] Reading absent property height
test/10k/canvas_aquarium.tidy.html:253: [maybe] Reading absent property height
test/10k/canvas_aquarium.tidy.html:257: [maybe] RangeError, assigning invalid value to array 'length' property
test/10k/canvas_aquarium.tidy.html:258: [maybe] Reading absent property (computed name)
test/10k/canvas_aquarium.tidy.html:258: [maybe] TypeError, writing property of null/undefined
test/10k/canvas_aquarium.tidy.html:259: [maybe] Reading absent property (computed name)
test/10k/canvas_aquarium.tidy.html:259: [maybe] TypeError, writing property of null/undefined
test/10k/canvas_aquarium.tidy.html:260: [maybe] Reading absent property (computed name)
test/10k/canvas_aquarium.tidy.html:260: [maybe] Reading absent property getContext
test/10k/canvas_aquarium.tidy.html:260: [maybe] TypeError, call to non-function
test/10k/canvas_aquarium.tidy.html:260: [maybe] TypeError, reading property of null/undefined
test/10k/canvas_aquarium.tidy.html:263: [maybe] Reading absent property width
test/10k/canvas_aquarium.tidy.html:263: [maybe] TypeError, reading property of null/undefined
test/10k/canvas_aquarium.tidy.html:265: [maybe] Reading absent property height
test/10k/canvas_aquarium.tidy.html:265: [maybe] Reading absent property width
test/10k/canvas_aquarium.tidy.html:268: [maybe] Reading absent property (computed name)
test/10k/canvas_aquarium.tidy.html:270: [maybe] Reading absent property width
test/10k/canvas_aquarium.tidy.html:271: [maybe] Reading absent property width
test/10k/canvas_aquarium.tidy.html:276: [maybe] Reading absent property width
test/10k/canvas_aquarium.tidy.html:276: [maybe] TypeError, reading property of null/undefined
test/10k/canvas_aquarium.tidy.html:277: [maybe] Reading absent property height
test/10k/canvas_aquarium.tidy.html:297: [maybe] Reading absent property (computed name)
test/10k/canvas_aquarium.tidy.html:298: [maybe] Reading absent property height
test/10k/canvas_aquarium.tidy.html:298: [maybe] Reading absent property width
test/10k/canvas_aquarium.tidy.html:311: [maybe] Reading absent property (computed name)
test/10k/canvas_aquarium.tidy.html:312: [maybe] Reading absent property height
test/10k/canvas_aquarium.tidy.html:312: [maybe] Reading absent property width
test/10k/canvas_aquarium.tidy.html:312: [maybe] Reading absent property width
test/10k/canvas_aquarium.tidy.html:319: [maybe] Reading absent property a
test/10k/canvas_aquarium.tidy.html:319: [maybe] Reading absent property height
test/10k/canvas_aquarium.tidy.html:319: [maybe] TypeError, reading property of null/undefined
test/10k/canvas_aquarium.tidy.html:320: [maybe] Reading absent property a
test/10k/canvas_aquarium.tidy.html:320: [maybe] Reading absent property a
test/10k/canvas_aquarium.tidy.html:320: [maybe] Reading absent property p
test/10k/canvas_aquarium.tidy.html:320: [maybe] Reading absent property p
test/10k/canvas_aquarium.tidy.html:320: [maybe] Reading absent property y
test/10k/canvas_aquarium.tidy.html:320: [maybe] Reading absent property y
test/10k/canvas_aquarium.tidy.html:321: [maybe] Reading absent property a
test/10k/canvas_aquarium.tidy.html:321: [maybe] Reading absent property height
test/10k/canvas_aquarium.tidy.html:321: [maybe] Reading absent property p
test/10k/canvas_aquarium.tidy.html:330: [maybe] Reading absent property (computed name)
test/10k/canvas_aquarium.tidy.html:330: [maybe] Reading absent property canvas
test/10k/canvas_aquarium.tidy.html:330: [maybe] TypeError, reading property of null/undefined
test/10k/canvas_aquarium.tidy.html:331: [maybe] Reading absent property h
test/10k/canvas_aquarium.tidy.html:331: [maybe] Reading absent property width
test/10k/canvas_aquarium.tidy.html:331: [maybe] Reading absent property x
test/10k/canvas_aquarium.tidy.html:331: [maybe] TypeError, reading property of null/undefined
test/10k/canvas_aquarium.tidy.html:332: [maybe] Reading absent property m
test/10k/canvas_aquarium.tidy.html:336: [maybe] Reading absent property h
test/10k/canvas_aquarium.tidy.html:338: [maybe] Reading absent property (computed name)
test/10k/canvas_aquarium.tidy.html:338: [maybe] Reading absent property canvas
test/10k/canvas_aquarium.tidy.html:338: [maybe] TypeError, reading property of null/undefined
test/10k/canvas_aquarium.tidy.html:339: [maybe] Reading absent property h
test/10k/canvas_aquarium.tidy.html:340: [maybe] Reading absent property h
test/10k/canvas_aquarium.tidy.html:341: [maybe] Reading absent property (computed name)
test/10k/canvas_aquarium.tidy.html:341: [maybe] Reading absent property canvas
test/10k/canvas_aquarium.tidy.html:341: [maybe] TypeError, reading property of null/undefined
test/10k/canvas_aquarium.tidy.html:344: [maybe] Reading absent property y
test/10k/canvas_aquarium.tidy.html:344: [maybe] Reading absent property y
test/10k/canvas_aquarium.tidy.html:344: [maybe] Reading absent property y
test/10k/canvas_aquarium.tidy.html:345: [maybe] Reading absent property a
test/10k/canvas_aquarium.tidy.html:345: [maybe] Reading absent property a
test/10k/canvas_aquarium.tidy.html:347: [maybe] Reading absent property m
test/10k/canvas_aquarium.tidy.html:348: [maybe] Reading absent property width
test/10k/canvas_aquarium.tidy.html:348: [maybe] Reading absent property x
test/10k/canvas_aquarium.tidy.html:348: [maybe] TypeError, reading property of null/undefined
test/10k/canvas_aquarium.tidy.html:352: [maybe] Reading absent property a
test/10k/canvas_aquarium.tidy.html:353: [maybe] Reading absent property a
test/10k/canvas_aquarium.tidy.html:354: [maybe] Reading absent property (computed name)
test/10k/canvas_aquarium.tidy.html:354: [maybe] Reading absent property a
test/10k/canvas_aquarium.tidy.html:354: [maybe] Reading absent property h
test/10k/canvas_aquarium.tidy.html:355: [maybe] Reading absent property (computed name)
test/10k/canvas_aquarium.tidy.html:355: [maybe] Reading absent property D
test/10k/canvas_aquarium.tidy.html:357: [maybe] Reading absent property m
test/10k/canvas_aquarium.tidy.html:362: [maybe] Reading absent property x
test/10k/canvas_aquarium.tidy.html:362: [maybe] Reading absent property y
test/10k/canvas_aquarium.tidy.html:362: [maybe] TypeError, non-HTMLImageElement or non-HTMLCanvasElement as argument to drawImage
test/10k/canvas_aquarium.tidy.html:391: [maybe] Reading absent property (computed name)
test/10k/canvas_aquarium.tidy.html:391: [maybe] Reading absent property g
test/10k/canvas_aquarium.tidy.html:391: [maybe] TypeError, call to non-function
test/10k/canvas_aquarium.tidy.html:391: [maybe] TypeError, reading property of null/undefined
test/10k/canvas_aquarium.tidy.html:392: [maybe] Reading absent property (computed name)
test/10k/canvas_aquarium.tidy.html:392: [maybe] Reading absent property g
test/10k/canvas_aquarium.tidy.html:392: [maybe] TypeError, call to non-function
test/10k/canvas_aquarium.tidy.html:392: [maybe] TypeError, reading property of null/undefined
test/10k/canvas_aquarium.tidy.html:394: [maybe] Reading absent property (computed name)
test/10k/canvas_aquarium.tidy.html:394: [maybe] Reading absent property (computed name)
test/10k/canvas_aquarium.tidy.html:394: [maybe] Reading absent property g
test/10k/canvas_aquarium.tidy.html:394: [maybe] Reading absent property g
test/10k/canvas_aquarium.tidy.html:394: [maybe] TypeError, call to non-function
test/10k/canvas_aquarium.tidy.html:394: [maybe] TypeError, call to non-function
test/10k/canvas_aquarium.tidy.html:394: [maybe] TypeError, reading property of null/undefined
test/10k/canvas_aquarium.tidy.html:394: [maybe] TypeError, reading property of null/undefined
test/10k/canvas_aquarium.tidy.html:28: [maybe] Uncaught exception, constructed at [test/10k/canvas_aquarium.tidy.html:38, test/10k/canvas_aquarium.tidy.html:45, test/10k/canvas_aquarium.tidy.html:122, test/10k/canvas_aquarium.tidy.html:194, test/10k/canvas_aquarium.tidy.html:257, test/10k/canvas_aquarium.tidy.html:258, test/10k/canvas_aquarium.tidy.html:259, test/10k/canvas_aquarium.tidy.html:260, test/10k/canvas_aquarium.tidy.html:263, test/10k/canvas_aquarium.tidy.html:276, test/10k/canvas_aquarium.tidy.html:319, test/10k/canvas_aquarium.tidy.html:330, test/10k/canvas_aquarium.tidy.html:331, test/10k/canvas_aquarium.tidy.html:338, test/10k/canvas_aquarium.tidy.html:341, test/10k/canvas_aquarium.tidy.html:348, test/10k/canvas_aquarium.tidy.html:391, test/10k/canvas_aquarium.tidy.html:392, test/10k/canvas_aquarium.tidy.html:394]
test/10k/canvas_aquarium.tidy.html:38: [maybe] Converting primitive boolean to object
test/10k/canvas_aquarium.tidy.html:38: [maybe] Converting primitive boolean to object
test/10k/canvas_aquarium.tidy.html:38: [maybe] Converting primitive string to object
test/10k/canvas_aquarium.tidy.html:38: [maybe] Converting primitive string to object
test/10k/canvas_aquarium.tidy.html:45: [maybe] Conversion to number yields NaN
test/10k/canvas_aquarium.tidy.html:45: [maybe] Converting primitive boolean to object
test/10k/canvas_aquarium.tidy.html:45: [maybe] Converting primitive boolean to object
test/10k/canvas_aquarium.tidy.html:45: [maybe] Converting primitive number to object
test/10k/canvas_aquarium.tidy.html:45: [maybe] Converting primitive number to object
test/10k/canvas_aquarium.tidy.html:45: [maybe] Converting primitive string to object
test/10k/canvas_aquarium.tidy.html:45: [maybe] Converting primitive string to object
test/10k/canvas_aquarium.tidy.html:45: [maybe] Converting undefined to string
test/10k/canvas_aquarium.tidy.html:119: [maybe] Conversion to number yields NaN
test/10k/canvas_aquarium.tidy.html:120: [maybe] Conversion to number yields NaN
test/10k/canvas_aquarium.tidy.html:120: [maybe] Conversion to number yields NaN
test/10k/canvas_aquarium.tidy.html:120: [maybe] Conversion to number yields NaN
test/10k/canvas_aquarium.tidy.html:120: [maybe] Conversion to number yields NaN
test/10k/canvas_aquarium.tidy.html:120: [maybe] Conversion to number yields NaN
test/10k/canvas_aquarium.tidy.html:120: [maybe] Conversion to number yields NaN
test/10k/canvas_aquarium.tidy.html:121: [maybe] Conversion to number yields NaN
test/10k/canvas_aquarium.tidy.html:122: [maybe] Conversion to number yields NaN
test/10k/canvas_aquarium.tidy.html:152: [maybe] Conversion to number yields NaN
test/10k/canvas_aquarium.tidy.html:156: [maybe] Conversion to number yields NaN
test/10k/canvas_aquarium.tidy.html:156: [maybe] Conversion to number yields NaN
test/10k/canvas_aquarium.tidy.html:157: [maybe] Conversion to number yields NaN
test/10k/canvas_aquarium.tidy.html:157: [maybe] Conversion to number yields NaN
test/10k/canvas_aquarium.tidy.html:159: [maybe] Conversion to number yields NaN
test/10k/canvas_aquarium.tidy.html:194: [maybe] Conversion to number yields NaN
test/10k/canvas_aquarium.tidy.html:194: [maybe] Converting primitive number to object
test/10k/canvas_aquarium.tidy.html:197: [maybe] Conversion to number yields NaN
test/10k/canvas_aquarium.tidy.html:197: [maybe] Conversion to number yields NaN
test/10k/canvas_aquarium.tidy.html:197: [maybe] Converting primitive number to object
test/10k/canvas_aquarium.tidy.html:197: [maybe] Converting primitive number to object
test/10k/canvas_aquarium.tidy.html:198: [maybe] Conversion to number yields NaN
test/10k/canvas_aquarium.tidy.html:198: [maybe] Conversion to number yields NaN
test/10k/canvas_aquarium.tidy.html:198: [maybe] Converting primitive number to object
test/10k/canvas_aquarium.tidy.html:198: [maybe] Converting primitive number to object
test/10k/canvas_aquarium.tidy.html:199: [maybe] Conversion to number yields NaN
test/10k/canvas_aquarium.tidy.html:199: [maybe] Conversion to number yields NaN
test/10k/canvas_aquarium.tidy.html:199: [maybe] Converting primitive number to object
test/10k/canvas_aquarium.tidy.html:199: [maybe] Converting primitive number to object
test/10k/canvas_aquarium.tidy.html:205: [maybe] Converting primitive number to object
test/10k/canvas_aquarium.tidy.html:205: [maybe] Converting primitive number to object
test/10k/canvas_aquarium.tidy.html:206: [maybe] Conversion to number yields NaN
test/10k/canvas_aquarium.tidy.html:206: [maybe] Conversion to number yields NaN
test/10k/canvas_aquarium.tidy.html:206: [maybe] Conversion to number yields NaN
test/10k/canvas_aquarium.tidy.html:206: [maybe] Conversion to number yields NaN
test/10k/canvas_aquarium.tidy.html:206: [maybe] Conversion to number yields NaN
test/10k/canvas_aquarium.tidy.html:206: [maybe] Conversion to number yields NaN
test/10k/canvas_aquarium.tidy.html:210: [maybe] Conversion to number yields NaN
test/10k/canvas_aquarium.tidy.html:210: [maybe] Conversion to number yields NaN
test/10k/canvas_aquarium.tidy.html:210: [maybe] Conversion to number yields NaN
test/10k/canvas_aquarium.tidy.html:210: [maybe] Conversion to number yields NaN
test/10k/canvas_aquarium.tidy.html:210: [maybe] Conversion to number yields NaN
test/10k/canvas_aquarium.tidy.html:210: [maybe] Conversion to number yields NaN
test/10k/canvas_aquarium.tidy.html:215: [maybe] Conversion to number yields NaN
test/10k/canvas_aquarium.tidy.html:229: [maybe] Conversion to number yields NaN
test/10k/canvas_aquarium.tidy.html:229: [maybe] Conversion to number yields NaN
test/10k/canvas_aquarium.tidy.html:229: [maybe] Conversion to number yields NaN
test/10k/canvas_aquarium.tidy.html:229: [maybe] Conversion to number yields NaN
test/10k/canvas_aquarium.tidy.html:236: [maybe] Conversion to number yields NaN
test/10k/canvas_aquarium.tidy.html:236: [maybe] Conversion to number yields NaN
test/10k/canvas_aquarium.tidy.html:236: [maybe] Conversion to number yields NaN
test/10k/canvas_aquarium.tidy.html:236: [maybe] Conversion to number yields NaN
test/10k/canvas_aquarium.tidy.html:236: [maybe] Conversion to number yields NaN
test/10k/canvas_aquarium.tidy.html:236: [maybe] Conversion to number yields NaN
test/10k/canvas_aquarium.tidy.html:244: [maybe] Conversion to number yields NaN
test/10k/canvas_aquarium.tidy.html:244: [maybe] Conversion to number yields NaN
test/10k/canvas_aquarium.tidy.html:244: [maybe] Converting primitive number to object
test/10k/canvas_aquarium.tidy.html:244: [maybe] Converting primitive number to object
test/10k/canvas_aquarium.tidy.html:248: [maybe] Conversion to number yields NaN
test/10k/canvas_aquarium.tidy.html:248: [maybe] Converting primitive number to object
test/10k/canvas_aquarium.tidy.html:253: [maybe] Conversion to number yields NaN
test/10k/canvas_aquarium.tidy.html:253: [maybe] Converting primitive number to object
test/10k/canvas_aquarium.tidy.html:258: [maybe] Converting primitive number to object
test/10k/canvas_aquarium.tidy.html:259: [maybe] Converting primitive number to object
test/10k/canvas_aquarium.tidy.html:260: [maybe] Converting primitive number to object
test/10k/canvas_aquarium.tidy.html:260: [maybe] Converting primitive number to object
test/10k/canvas_aquarium.tidy.html:263: [maybe] Conversion to number yields NaN
test/10k/canvas_aquarium.tidy.html:263: [maybe] Converting primitive number to object
test/10k/canvas_aquarium.tidy.html:265: [maybe] Conversion to number yields NaN
test/10k/canvas_aquarium.tidy.html:265: [maybe] Conversion to number yields NaN
test/10k/canvas_aquarium.tidy.html:265: [maybe] Converting primitive number to object
test/10k/canvas_aquarium.tidy.html:265: [maybe] Converting primitive number to object
test/10k/canvas_aquarium.tidy.html:270: [maybe] Conversion to number yields NaN
test/10k/canvas_aquarium.tidy.html:270: [maybe] Converting primitive number to object
test/10k/canvas_aquarium.tidy.html:271: [maybe] Conversion to number yields NaN
test/10k/canvas_aquarium.tidy.html:271: [maybe] Converting primitive number to object
test/10k/canvas_aquarium.tidy.html:276: [maybe] Converting primitive number to object
test/10k/canvas_aquarium.tidy.html:277: [maybe] Converting primitive number to object
test/10k/canvas_aquarium.tidy.html:280: [maybe] Conversion to number yields NaN
test/10k/canvas_aquarium.tidy.html:280: [maybe] Conversion to number yields NaN
test/10k/canvas_aquarium.tidy.html:283: [maybe] Conversion to number yields NaN
test/10k/canvas_aquarium.tidy.html:283: [maybe] Conversion to number yields NaN
test/10k/canvas_aquarium.tidy.html:284: [maybe] Conversion to number yields NaN
test/10k/canvas_aquarium.tidy.html:284: [maybe] Conversion to number yields NaN
test/10k/canvas_aquarium.tidy.html:298: [maybe] Conversion to number yields NaN
test/10k/canvas_aquarium.tidy.html:298: [maybe] Converting primitive number to object
test/10k/canvas_aquarium.tidy.html:298: [maybe] Converting primitive number to object
test/10k/canvas_aquarium.tidy.html:312: [maybe] Conversion to number yields NaN
test/10k/canvas_aquarium.tidy.html:312: [maybe] Conversion to number yields NaN
test/10k/canvas_aquarium.tidy.html:312: [maybe] Conversion to number yields NaN
test/10k/canvas_aquarium.tidy.html:312: [maybe] Converting primitive number to object
test/10k/canvas_aquarium.tidy.html:312: [maybe] Converting primitive number to object
test/10k/canvas_aquarium.tidy.html:312: [maybe] Converting primitive number to object
test/10k/canvas_aquarium.tidy.html:319: [maybe] Conversion to number yields NaN
test/10k/canvas_aquarium.tidy.html:319: [maybe] Conversion to number yields NaN
test/10k/canvas_aquarium.tidy.html:319: [maybe] Converting primitive number to object
test/10k/canvas_aquarium.tidy.html:319: [maybe] Converting primitive number to object
test/10k/canvas_aquarium.tidy.html:320: [maybe] Conversion to number yields NaN
test/10k/canvas_aquarium.tidy.html:320: [maybe] Conversion to number yields NaN
test/10k/canvas_aquarium.tidy.html:320: [maybe] Conversion to number yields NaN
test/10k/canvas_aquarium.tidy.html:320: [maybe] Conversion to number yields NaN
test/10k/canvas_aquarium.tidy.html:320: [maybe] Conversion to number yields NaN
test/10k/canvas_aquarium.tidy.html:320: [maybe] Converting primitive number to object
test/10k/canvas_aquarium.tidy.html:320: [maybe] Converting primitive number to object
test/10k/canvas_aquarium.tidy.html:320: [maybe] Converting primitive number to object
test/10k/canvas_aquarium.tidy.html:320: [maybe] Converting primitive number to object
test/10k/canvas_aquarium.tidy.html:320: [maybe] Converting primitive number to object
test/10k/canvas_aquarium.tidy.html:320: [maybe] Converting primitive number to object
test/10k/canvas_aquarium.tidy.html:321: [maybe] Conversion to number yields NaN
test/10k/canvas_aquarium.tidy.html:321: [maybe] Conversion to number yields NaN
test/10k/canvas_aquarium.tidy.html:321: [maybe] Converting primitive number to object
test/10k/canvas_aquarium.tidy.html:321: [maybe] Converting primitive number to object
test/10k/canvas_aquarium.tidy.html:321: [maybe] Converting primitive number to object
test/10k/canvas_aquarium.tidy.html:331: [maybe] Conversion to number yields NaN
test/10k/canvas_aquarium.tidy.html:331: [maybe] Conversion to number yields NaN
test/10k/canvas_aquarium.tidy.html:331: [maybe] Converting primitive number to object
test/10k/canvas_aquarium.tidy.html:336: [maybe] Conversion to number yields NaN
test/10k/canvas_aquarium.tidy.html:339: [maybe] Conversion to number yields NaN
test/10k/canvas_aquarium.tidy.html:340: [maybe] Conversion to number yields NaN
test/10k/canvas_aquarium.tidy.html:344: [maybe] Conversion to number yields NaN
test/10k/canvas_aquarium.tidy.html:344: [maybe] Conversion to number yields NaN
test/10k/canvas_aquarium.tidy.html:344: [maybe] Conversion to number yields NaN
test/10k/canvas_aquarium.tidy.html:345: [maybe] Conversion to number yields NaN
test/10k/canvas_aquarium.tidy.html:345: [maybe] Conversion to number yields NaN
test/10k/canvas_aquarium.tidy.html:348: [maybe] Conversion to number yields NaN
test/10k/canvas_aquarium.tidy.html:348: [maybe] Conversion to number yields NaN
test/10k/canvas_aquarium.tidy.html:348: [maybe] Converting primitive number to object
test/10k/canvas_aquarium.tidy.html:352: [maybe] Conversion to number yields NaN
test/10k/canvas_aquarium.tidy.html:353: [maybe] Conversion to number yields NaN
test/10k/canvas_aquarium.tidy.html:354: [maybe] Conversion to number yields NaN
test/10k/canvas_aquarium.tidy.html:355: [maybe] Conversion to number yields NaN
test/10k/canvas_aquarium.tidy.html:362: [maybe] Conversion to number yields NaN
test/10k/canvas_aquarium.tidy.html:391: [maybe] Converting primitive number to object
test/10k/canvas_aquarium.tidy.html:391: [maybe] Converting primitive number to object
test/10k/canvas_aquarium.tidy.html:392: [maybe] Converting primitive number to object
test/10k/canvas_aquarium.tidy.html:392: [maybe] Converting primitive number to object
test/10k/canvas_aquarium.tidy.html:394: [maybe] Converting primitive number to object
test/10k/canvas_aquarium.tidy.html:394: [maybe] Converting primitive number to object
test/10k/canvas_aquarium.tidy.html:394: [maybe] Converting primitive number to object
test/10k/canvas_aquarium.tidy.html:394: [maybe] Converting primitive number to object
