fg2: function()
  block 0: [entry]
    node 0: constant[undefined,v1] (test/flowgraphbuilder/flowgraph_builder0158.html:2:17)
    node 1: function-decl[function(),-] (test/flowgraphbuilder/flowgraph_builder0158.html:2:18)
    ->[block 1]
  block 1:
    node 2: nop (test/flowgraphbuilder/flowgraph_builder0158.html:2:17)
    ->[block 2,block 3]
  block 2:
    node 3: event-dispatcher <LOAD> (test/flowgraphbuilder/flowgraph_builder0158.html:2:17)
    ->[block 3]
  block 3:
    node 4: nop (test/flowgraphbuilder/flowgraph_builder0158.html:2:17)
    ->[block 2,block 4,block 5]
  block 4:
    node 5: event-dispatcher <OTHER> (test/flowgraphbuilder/flowgraph_builder0158.html:2:17)
    ->[block 5]
  block 5:
    node 6: nop (test/flowgraphbuilder/flowgraph_builder0158.html:2:17)
    ->[block 4,block 6,block 7]
  block 6:
    node 7: event-dispatcher <UNLOAD> (test/flowgraphbuilder/flowgraph_builder0158.html:2:17)
    ->[block 7]
  block 7:
    node 8: nop (test/flowgraphbuilder/flowgraph_builder0158.html:2:17)
    ->[block 6,block 8]
  block 8: [exit-ordinary]
    node 9: return[v1] (test/flowgraphbuilder/flowgraph_builder0158.html:2:17)
    ->[]
  block 9: [exit-exceptional]
    node 10: exceptional-return (test/flowgraphbuilder/flowgraph_builder0158.html:2:17)
    ->[]
function()
  block 10: [entry]
    node 11: constant[undefined,v1] (test/flowgraphbuilder/flowgraph_builder0158.html:2:18)
    ->[block 11]
  block 11:
    node 12: constant[false,v1]* (test/flowgraphbuilder/flowgraph_builder0158.html:2:25)
    ->[block 12]
  block 12: [exit-ordinary]
    node 13: return[v1] (test/flowgraphbuilder/flowgraph_builder0158.html:2:29)
    ->[]
  block 13: [exit-exceptional]
    node 14: exceptional-return (test/flowgraphbuilder/flowgraph_builder0158.html:2:29)
    ->[]

