fg2: function()
  block 0: [entry]
    node 0: constant[undefined,v1] (test/flowgraphbuilder/flowgraph_builder0201b.js:1:1)
    ->[block 1]
  block 1:
    node 1: read-variable['o',v2,-] (test/flowgraphbuilder/flowgraph_builder0201b.js:1:11)
    ->[block 5]
  block 2:
    node 2: nop(continue <DEFAULT>)* (test/flowgraphbuilder/flowgraph_builder0201b.js:3:5)
    ->[block 3] ~>[block 9]
  block 3:
    node 3: end-for-in(begin-node:5)* (test/flowgraphbuilder/flowgraph_builder0201b.js:4:1)
    ->[block 5]
  block 4:
    node 4: end-for-in(begin-node:5)* (test/flowgraphbuilder/flowgraph_builder0201b.js:4:1)
    ->[block 5]
  block 5:
    node 5: begin-for-in[v2,v3] (test/flowgraphbuilder/flowgraph_builder0201b.js:1:1)
    ->[block 6]
  block 6:
    node 6: has-next[v3,v4] (test/flowgraphbuilder/flowgraph_builder0201b.js:1:1)
    node 7: if[v4](true-block:7,false-block:10) (test/flowgraphbuilder/flowgraph_builder0201b.js:1:1)
    ->[block 7,block 10] ~>[block 9]
  block 7:
    node 8: next-property[v3,v5] (test/flowgraphbuilder/flowgraph_builder0201b.js:1:6)
    node 9: write-variable[v5,'p']* (test/flowgraphbuilder/flowgraph_builder0201b.js:1:6)
    ->[block 8] ~>[block 9]
  block 8:
    node 10: end-for-in(begin-node:5)* (test/flowgraphbuilder/flowgraph_builder0201b.js:4:1)
    ->[block 11]
  block 9:
    node 11: end-for-in(begin-node:5)* (test/flowgraphbuilder/flowgraph_builder0201b.js:4:1)
    ->[block 12]
  block 10:
    node 12: end-for-in(begin-node:5)* (test/flowgraphbuilder/flowgraph_builder0201b.js:4:1)
    ->[block 11]
  block 11: [exit-ordinary]
    node 13: return[v1] (test/flowgraphbuilder/flowgraph_builder0201b.js:1:1)
    ->[]
  block 12: [exit-exceptional]
    node 14: exceptional-return (test/flowgraphbuilder/flowgraph_builder0201b.js:1:1)
    ->[]

test/flowgraphbuilder/flowgraph_builder0201b.js:1:11: [definite] ReferenceError, reading absent variable o
test/flowgraphbuilder/flowgraph_builder0201b.js:1:1: [definite] Unreachable code
test/flowgraphbuilder/flowgraph_builder0201b.js:1:1: [maybe] Uncaught exception, constructed at [test/flowgraphbuilder/flowgraph_builder0201b.js:1:11]
