fg2: <main> function()
  block 0: [entry]
    node 0: constant[undefined,v1] (test/flowgraphbuilder/flowgraph_builder0110.js)
    node 1: vardecl['x']* (test/flowgraphbuilder/flowgraph_builder0110.js:1:5)
    node 2: vardecl['y']* (test/flowgraphbuilder/flowgraph_builder0110.js:2:5)
    ->[block 1]
  block 1:
    node 3: new[v2] (test/flowgraphbuilder/flowgraph_builder0110.js:1:9)
    node 4: constant[42.0,v3] (test/flowgraphbuilder/flowgraph_builder0110.js:1:12)
    node 5: write-property[v2,'a',v3] (test/flowgraphbuilder/flowgraph_builder0110.js:1:10)
    node 6: write-variable[v2,'x']* (test/flowgraphbuilder/flowgraph_builder0110.js:1:5)
    node 7: new[v4] (test/flowgraphbuilder/flowgraph_builder0110.js:2:9)
    node 8: constant[42.0,v5] (test/flowgraphbuilder/flowgraph_builder0110.js:2:12)
    node 9: write-property[v4,'b',v5] (test/flowgraphbuilder/flowgraph_builder0110.js:2:10)
    node 10: write-variable[v4,'y']* (test/flowgraphbuilder/flowgraph_builder0110.js:2:5)
    node 11: read-variable['z',v10,-] (test/flowgraphbuilder/flowgraph_builder0110.js:4:12)
    node 12: if[v10](true-block:2,false-block:3) (test/flowgraphbuilder/flowgraph_builder0110.js:4:12)
    ->[block 2,block 3]
  block 2:
    node 13: read-variable['x',v6,-] (test/flowgraphbuilder/flowgraph_builder0110.js:4:16)
    ->[block 4]
  block 3:
    node 14: read-variable['y',v6,-] (test/flowgraphbuilder/flowgraph_builder0110.js:4:20)
    ->[block 4]
  block 4:
    node 15: begin-for-in[v6,v7] (test/flowgraphbuilder/flowgraph_builder0110.js:4:1)
    ->[block 5]
  block 5:
    node 16: has-next[v7,v8] (test/flowgraphbuilder/flowgraph_builder0110.js:4:1)
    node 17: if[v8](true-block:6,false-block:9) (test/flowgraphbuilder/flowgraph_builder0110.js:4:1)
    ->[block 6,block 9] ~>[block 8]
  block 6:
    node 18: next-property[v7,v9] (test/flowgraphbuilder/flowgraph_builder0110.js:4:6)
    node 19: write-variable[v9,'b']* (test/flowgraphbuilder/flowgraph_builder0110.js:4:6)
    ->[block 7] ~>[block 8]
  block 7:
    node 20: end-for-in(begin-node:15)* (test/flowgraphbuilder/flowgraph_builder0110.js:4:25)
    ->[block 4]
  block 8:
    node 21: end-for-in(begin-node:15)* (test/flowgraphbuilder/flowgraph_builder0110.js:4:25)
    ->[block 11]
  block 9:
    node 22: end-for-in(begin-node:15)* (test/flowgraphbuilder/flowgraph_builder0110.js:4:25)
    ->[block 10]
  block 10: [exit-ordinary]
    node 23: return[v1] (test/flowgraphbuilder/flowgraph_builder0110.js)
    ->[]
  block 11: [exit-exceptional]
    node 24: exceptional-return (test/flowgraphbuilder/flowgraph_builder0110.js)
    ->[]

test/flowgraphbuilder/flowgraph_builder0110.js:4:12: [definite] ReferenceError, reading absent variable z
test/flowgraphbuilder/flowgraph_builder0110.js:1:10: [definite] Dead assignment, property a is never read
test/flowgraphbuilder/flowgraph_builder0110.js:2:10: [definite] Dead assignment, property b is never read
test/flowgraphbuilder/flowgraph_builder0110.js:1:5: [definite] The variable x is never used
test/flowgraphbuilder/flowgraph_builder0110.js:2:5: [definite] The variable y is never used
test/flowgraphbuilder/flowgraph_builder0110.js:4:12: [definite] Unreachable code
test/flowgraphbuilder/flowgraph_builder0110.js: [maybe] Uncaught exception, constructed at [test/flowgraphbuilder/flowgraph_builder0110.js:4:12]
