test/micro/test141.js:7:1: [info] Abstract value: 8.0
test/micro/test141.js:8:1: [info] Abstract state:
Abstract state:
  Execution context: ScopeChain=[[@<the global object>[native]]], VariableObject=[@<the global object>[native]], this=[@<the global object>[native]]
  Summarized: maybe=[@arguments#node25, @arguments#node19, @activation#node25, @activation#node19, @Object#node7, @Object#node3, @Object#node21, @<anonymous>#fun2, @<anonymous>#fun1], definitely=[@arguments#node25, @arguments#node19, @activation#node25, @activation#node19, @Object#node7, @Object#node3, @Object#node21, @<anonymous>#fun2, @<anonymous>#fun1]
  Store (excluding basis and default objects): 
    @<the global object>[native] (<initial state>): {C:[@<anonymous>#fun1],TAJS_dumpState:^(@<the global object>[native].TAJS_dumpState[present]),TAJS_dumpValue:^(@<the global object>[native].TAJS_dumpValue[present]),x:[@Object#node7],[[DefaultArray]]=?,[[DefaultNonArray]]=?,[[Prototype]]=[@Object.prototype[native]],[[Value]]=?,[[Scope]]=?}
    @Object.prototype[native] (<initial state>): {C:^(@Object.prototype[native].C[absent]),inc:^(@Object.prototype[native].inc[absent]),x:^(@Object.prototype[native].x[absent]),[[DefaultArray]]=?,[[DefaultNonArray]]=?,[[Prototype]]=Null,[[Value]]=?,[[Scope]]=?}
    @<anonymous>#fun1 (test/micro/test141.js:1:9): {length:1.0,prototype:[@Object#node3],[[Prototype]]=[@Function.prototype[native]],[[Scope]]=[[@<the global object>[native]]]}
    @Object#node3 (test/micro/test141.js:1:9): {constructor:[@<anonymous>#fun1],[[Prototype]]=[@Object.prototype[native]],[[Value]]=NaN}
    @activation#node19 (test/micro/test141.js:1:9): {arguments:[@arguments#node19],v:8.0}
    @arguments#node19 (test/micro/test141.js:1:9): {0:7.0,callee:[@<anonymous>#fun1],length:1.0,[[Prototype]]=[@Object.prototype[native]]}
    @<anonymous>#fun2 (test/micro/test141.js:2:14): {length:0.0,prototype:[@Object#node21],[[Prototype]]=[@Function.prototype[native]],[[Scope]]=[[@activation#node19],[@<the global object>[native]]]}
    @Object#node21 (test/micro/test141.js:2:14): {constructor:[@<anonymous>#fun2],[[Prototype]]=[@Object.prototype[native]],[[Value]]=NaN}
    @Object#node7 (test/micro/test141.js:5:9): {inc:[@<anonymous>#fun2],[[Prototype]]=[@Object#node3]}
  Registers: 
    v1=Undef
    v11=[@<the global object>[native]]
    v12=^(@<the global object>[native].TAJS_dumpState[present])
