test/micro/test63.js: [definite] Exceptional program exit is unreachable
test/micro/test63.js:7:2: [info] Abstract value: "gb"
test/micro/test63.js:7:2: [info] Abstract value: "gh"
test/micro/test63.js:11:1: [info] Abstract value: Undef|PrefixStr[g]
Soundness testing succeeded for 11 checks (with 0 expected failures)
