out/temp-sources/TestMicro.recursiveSetTimeoutWithNulls.js: [maybe] Uncaught exception, constructed at [out/temp-sources/TestMicro.recursiveSetTimeoutWithNulls.js:2:2]
