test/sourcelocations/eventhandlerWithMultiLineEvents.html:8:86: [definite] The variable loooooooooooongVarName is never used
