test/browser/domlegacy/ajax/simpleAjax02.tidy.html:7: [definite] Unreachable function: loadXMLDoc
test/browser/domlegacy/ajax/simpleAjax02.tidy.html:11: [definite] Unreachable code
test/browser/domlegacy/ajax/simpleAjax02.tidy.html:15: [definite] Unreachable code
test/browser/domlegacy/ajax/simpleAjax02.tidy.html:17: [definite] Unreachable code
test/browser/domlegacy/ajax/simpleAjax02.tidy.html:17: [definite] Unreachable function
test/browser/domlegacy/ajax/simpleAjax02.tidy.html:19: [definite] Unreachable code
test/browser/domlegacy/ajax/simpleAjax02.tidy.html:21: [definite] Unreachable code
test/browser/domlegacy/ajax/simpleAjax02.tidy.html:25: [definite] Unreachable code
