test/1k2013spring/1336.js:36:21: [definite] Too few parameters to function CanvasRenderingContext2D.prototype.arc
test/1k2013spring/shim.js:6:5: [definite] The variable b is never used
test/1k2013spring/1336.js:59:25: [maybe] TypeError, accessing property of null/undefined
test/1k2013spring/1336.js:59:104: [maybe] TypeError, accessing property of null/undefined
test/1k2013spring/1336.js:64:88: [maybe] TypeError, accessing property of null/undefined
test/1k2013spring/shim.js:8:9: [maybe] TypeError, accessing property of null/undefined
test/1k2013spring/shim.js:8:9: [maybe] TypeError, call to non-function
test/1k2013spring/shim.js:9:1: [maybe] TypeError, accessing property of null/undefined
test/1k2013spring/shim.js:6:9: [maybe] Reading absent property body
test/1k2013spring/shim.js:8:9: [maybe] Reading absent property getContext
test/1k2013spring/shim.js:9:1: [maybe] Reading absent property body
test/1k2013spring/1336.js:33:21: [maybe] The variable n has values with different types
test/1k2013spring/1336.js:35:12: [maybe] Converting undefined to string
test/1k2013spring/1336.js:36:13: [maybe] The variable C has values with different types
test/1k2013spring/1336.js:36:21: [maybe] Conversion from string to number yields NaN
test/1k2013spring/1336.js:36:27: [maybe] The variable C has values with different types
test/1k2013spring/1336.js:53:13: [maybe] The variable m has values with different types
test/1k2013spring/1336.js:59:20: [maybe] Reading absent property (computed name)
test/1k2013spring/1336.js:59:32: [maybe] Conversion to number yields NaN
test/1k2013spring/1336.js:59:37: [maybe] Reading absent property (computed name)
test/1k2013spring/1336.js:59:52: [maybe] Conversion to number yields NaN
test/1k2013spring/1336.js:59:57: [maybe] Reading absent property (computed name)
test/1k2013spring/1336.js:59:97: [maybe] Reading absent property (computed name)
test/1k2013spring/1336.js:64:82: [maybe] Reading absent property (computed name)
test/1k2013spring/shim.js:7:9: [maybe] Reading absent property (computed name)
test/1k2013spring/shim.js,test/1k2013spring/1336.js: [maybe] Uncaught exception, constructed at [test/1k2013spring/1336.js:59:25, test/1k2013spring/1336.js:59:104, test/1k2013spring/1336.js:64:88, test/1k2013spring/shim.js:8:9, test/1k2013spring/shim.js:9:1]
