test/10k/sudoku.html:10:17: [definite] Unreachable function
test/10k/sudoku.html:34:5: [definite] Unreachable function gs
test/10k/sudoku.html:38:5: [definite] Unreachable function $
test/10k/sudoku.html:41:5: [definite] Unreachable function x
test/10k/sudoku.html:45:5: [definite] Unreachable function y
test/10k/sudoku.html:49:5: [definite] Unreachable function sx
test/10k/sudoku.html:53:5: [definite] Unreachable function sy
test/10k/sudoku.html:57:5: [definite] Unreachable function cs
test/10k/sudoku.html:61:5: [definite] Unreachable function c
test/10k/sudoku.html:65:5: [definite] Unreachable function sc
test/10k/sudoku.html:69:5: [definite] Unreachable function init
test/10k/sudoku.html:82:5: [definite] Unreachable function repro
test/10k/sudoku.html:88:5: [definite] Unreachable function unset
test/10k/sudoku.html:93:5: [definite] Unreachable function improbable
test/10k/sudoku.html:99:5: [definite] Unreachable function set
test/10k/sudoku.html:112:5: [definite] Unreachable function solved
test/10k/sudoku.html:136:27: [definite] Unreachable function
test/10k/sudoku.html:140:21: [definite] Unreachable function
test/10k/sudoku.html:148:32: [definite] Unreachable function
test/10k/sudoku.html:168:34: [definite] Unreachable function
test/10k/sudoku.html:180:5: [definite] Unreachable function refresh
test/10k/sudoku.html:191:5: [definite] Unreachable function loadGame
test/10k/sudoku.html:197:5: [definite] Unreachable function has
test/10k/sudoku.html:203:5: [definite] Unreachable function randomNumber
test/10k/sudoku.html:208:5: [definite] Unreachable function fill
test/10k/sudoku.html:222:5: [definite] Unreachable function create
test/10k/sudoku.html:234:5: [definite] Unreachable function unSolve
test/10k/sudoku.html:235:16: [definite] Unreachable function
test/10k/sudoku.html:252:5: [definite] Unreachable function busy
test/10k/sudoku.html:258:5: [definite] Unreachable function free
test/10k/sudoku.html:264:5: [definite] Unreachable function newGame
test/10k/sudoku.html:271:5: [definite] Unreachable function blankGame
