test/v8tests/escape.js:54:7: [maybe] Converting object to string
test/v8tests/escape.js:54:7: [maybe] Converting primitive string to object
