test/browser/domlegacy/canvas/Canvas06.tidy.html:9: [info] Prototype: [@CanvasRenderingContext2D.prototype[native]] -> [@Object.prototype[native]]
test/browser/domlegacy/canvas/Canvas06.tidy.html:10: [info] Abstract value: [@HTMLCanvasElement[native]]
test/browser/domlegacy/canvas/Canvas06.tidy.html:11: [info] Abstract value: 1.0
test/browser/domlegacy/canvas/Canvas06.tidy.html:12: [info] Abstract value: "source-over"
test/browser/domlegacy/canvas/Canvas06.tidy.html:13: [info] Abstract value: Bool|Num|Str
test/browser/domlegacy/canvas/Canvas06.tidy.html:14: [info] Abstract value: Bool|Num|Str
test/browser/domlegacy/canvas/Canvas06.tidy.html:15: [info] Abstract value: 1.0
test/browser/domlegacy/canvas/Canvas06.tidy.html:16: [info] Abstract value: "butt"
test/browser/domlegacy/canvas/Canvas06.tidy.html:17: [info] Abstract value: "miter"
test/browser/domlegacy/canvas/Canvas06.tidy.html:18: [info] Abstract value: 10.0
test/browser/domlegacy/canvas/Canvas06.tidy.html:19: [info] Abstract value: 0.0
test/browser/domlegacy/canvas/Canvas06.tidy.html:20: [info] Abstract value: 0.0
test/browser/domlegacy/canvas/Canvas06.tidy.html:21: [info] Abstract value: 0.0
test/browser/domlegacy/canvas/Canvas06.tidy.html:22: [info] Abstract value: "transparent black"
test/browser/domlegacy/canvas/Canvas06.tidy.html:23: [info] Abstract value: "10px sans-serif"
test/browser/domlegacy/canvas/Canvas06.tidy.html:24: [info] Abstract value: "start"
test/browser/domlegacy/canvas/Canvas06.tidy.html:25: [info] Abstract value: "alphabetic"
