test/10k/3d_maker.html:335:5: [definite] The conditional expression is always false
test/10k/3d_maker.html:339:17: [definite] The conditional expression is always false
test/10k/3d_maker.html:343:5: [definite] The conditional expression is always false
test/10k/3d_maker.html:347:5: [definite] The conditional expression is always false
test/10k/3d_maker.html:388:5: [definite] The assignment to REAL_X has no effect
test/10k/3d_maker.html:389:5: [definite] The assignment to REAL_Y has no effect
test/10k/3d_maker.html:17:9: [definite] Reading 'this' yields the global object
test/10k/3d_maker.html:18:9: [definite] Reading 'this' yields the global object
test/10k/3d_maker.html:19:9: [definite] Reading 'this' yields the global object
test/10k/3d_maker.html:19:19: [definite] Reading 'this' yields the global object
test/10k/3d_maker.html:21:12: [definite] Reading 'this' yields the global object
test/10k/3d_maker.html:8:5: [definite] The variable REAL_X is never used
test/10k/3d_maker.html:9:5: [definite] The variable REAL_Y is never used
test/10k/3d_maker.html:10:5: [definite] The variable rotY is never used
test/10k/3d_maker.html:11:5: [definite] The variable rotZ is never used
test/10k/3d_maker.html:13:5: [definite] The variable selDot is never used
test/10k/3d_maker.html:14:5: [definite] The variable _pos is never used
test/10k/3d_maker.html:15:5: [definite] The variable _mode is never used
test/10k/3d_maker.html:24:1: [definite] Unreachable function Point2D
test/10k/3d_maker.html:26:19: [definite] Unreachable function
test/10k/3d_maker.html:31:1: [definite] Unreachable function Matrix3D
test/10k/3d_maker.html:38:18: [definite] Unreachable function
test/10k/3d_maker.html:47:19: [definite] Unreachable function
test/10k/3d_maker.html:78:18: [definite] Unreachable function
test/10k/3d_maker.html:83:21: [definite] Unreachable function
test/10k/3d_maker.html:102:17: [definite] Unreachable function
test/10k/3d_maker.html:109:1: [definite] Unreachable function x2px
test/10k/3d_maker.html:112:1: [definite] Unreachable function y2px
test/10k/3d_maker.html:116:1: [definite] Unreachable function px2x
test/10k/3d_maker.html:119:1: [definite] Unreachable function px2y
test/10k/3d_maker.html:123:1: [definite] Unreachable function drawLine
test/10k/3d_maker.html:128:1: [definite] Unreachable function redraw
test/10k/3d_maker.html:168:22: [definite] Unreachable function
test/10k/3d_maker.html:271:1: [definite] Unreachable function getPos
test/10k/3d_maker.html:294:13: [definite] Unreachable function
test/10k/3d_maker.html:307:13: [definite] Unreachable function
test/10k/3d_maker.html:316:13: [definite] Unreachable function
test/10k/3d_maker.html:324:1: [definite] The variable m is never used
test/10k/3d_maker.html:360:1: [definite] Unreachable function factorial
test/10k/3d_maker.html:367:1: [definite] Unreachable function binomial
test/10k/3d_maker.html:370:1: [definite] Unreachable function myPow
test/10k/3d_maker.html:374:1: [definite] Unreachable function b
test/10k/3d_maker.html:284:5: [maybe] TypeError, accessing property of null/undefined
test/10k/3d_maker.html:285:5: [maybe] TypeError, accessing property of null/undefined
test/10k/3d_maker.html:286:5: [maybe] TypeError, accessing property of null/undefined
test/10k/3d_maker.html:287:5: [maybe] TypeError, accessing property of null/undefined
test/10k/3d_maker.html:288:5: [maybe] TypeError, accessing property of null/undefined
test/10k/3d_maker.html:289:15: [maybe] TypeError, accessing property of null/undefined
test/10k/3d_maker.html:290:16: [maybe] TypeError, accessing property of null/undefined
test/10k/3d_maker.html:291:5: [maybe] TypeError, accessing property of null/undefined
test/10k/3d_maker.html:293:5: [maybe] TypeError, accessing property of null/undefined
test/10k/3d_maker.html:306:5: [maybe] TypeError, accessing property of null/undefined
test/10k/3d_maker.html:315:5: [maybe] TypeError, accessing property of null/undefined
test/10k/3d_maker.html:325:5: [maybe] TypeError, accessing property of null/undefined
test/10k/3d_maker.html:326:5: [maybe] TypeError, accessing property of null/undefined
test/10k/3d_maker.html:327:5: [maybe] TypeError, accessing property of null/undefined
test/10k/3d_maker.html:328:5: [maybe] TypeError, accessing property of null/undefined
test/10k/3d_maker.html:329:5: [maybe] TypeError, accessing property of null/undefined
test/10k/3d_maker.html:330:5: [maybe] TypeError, accessing property of null/undefined
test/10k/3d_maker.html:331:5: [maybe] TypeError, accessing property of null/undefined
test/10k/3d_maker.html:332:5: [maybe] TypeError, accessing property of null/undefined
test/10k/3d_maker.html:333:5: [maybe] TypeError, accessing property of null/undefined
test/10k/3d_maker.html:334:5: [maybe] TypeError, accessing property of null/undefined
test/10k/3d_maker.html:346:5: [maybe] TypeError, accessing property of null/undefined
test/10k/3d_maker.html:387:16: [maybe] TypeError, accessing property of null/undefined
test/10k/3d_maker.html:17:9: [maybe] Reading absent property cv
test/10k/3d_maker.html:284:5: [maybe] Reading absent property ct
test/10k/3d_maker.html:285:5: [maybe] Reading absent property ct
test/10k/3d_maker.html:286:5: [maybe] Reading absent property ct
test/10k/3d_maker.html:287:5: [maybe] Reading absent property ct
test/10k/3d_maker.html:288:5: [maybe] Reading absent property ct
test/10k/3d_maker.html:289:15: [maybe] Reading absent property cv
test/10k/3d_maker.html:290:16: [maybe] Reading absent property cv
test/10k/3d_maker.html:291:5: [maybe] Reading absent property ct
test/10k/3d_maker.html:293:5: [maybe] Reading absent property cv
test/10k/3d_maker.html:306:5: [maybe] Reading absent property cv
test/10k/3d_maker.html:315:5: [maybe] Reading absent property cv
test/10k/3d_maker.html:325:5: [maybe] Reading absent property ct
test/10k/3d_maker.html:326:5: [maybe] Reading absent property ct
test/10k/3d_maker.html:327:5: [maybe] Reading absent property ct
test/10k/3d_maker.html:328:5: [maybe] Reading absent property ct
test/10k/3d_maker.html:329:5: [maybe] Reading absent property ct
test/10k/3d_maker.html:330:5: [maybe] Reading absent property ct
test/10k/3d_maker.html:331:5: [maybe] Reading absent property ct
test/10k/3d_maker.html:332:5: [maybe] Reading absent property ct
test/10k/3d_maker.html:333:5: [maybe] Reading absent property ct
test/10k/3d_maker.html:334:5: [maybe] Reading absent property ct
test/10k/3d_maker.html:346:5: [maybe] Reading absent property ct
test/10k/3d_maker.html:387:16: [maybe] Reading absent property cv
