test/browser/domlegacy/html/HTMLTableCaptionElement01.tidy.html:14: [definite] Reading absent property align
test/browser/domlegacy/html/HTMLTableCaptionElement01.tidy.html:13: [info] Abstract value: [@HTMLTableCaptionElement[native] constructor]
test/browser/domlegacy/html/HTMLTableCaptionElement01.tidy.html:14: [info] Abstract value: Undef
