test/1k2012love/1010.js:48:5: [definite] The variable q is never used
test/1k2012love/shim.js:6:5: [definite] The variable b is never used
test/1k2012love/shim.js:8:9: [maybe] TypeError, accessing property of null/undefined
test/1k2012love/shim.js:8:9: [maybe] TypeError, call to non-function
test/1k2012love/shim.js:9:1: [maybe] TypeError, accessing property of null/undefined
test/1k2012love/1010.js:4:7: [maybe] Reading absent property width
test/1k2012love/1010.js:4:18: [maybe] Reading absent property height
test/1k2012love/1010.js:29:19: [maybe] Reading absent property width
test/1k2012love/1010.js:29:28: [maybe] Reading absent property height
test/1k2012love/1010.js:35:21: [maybe] Reading absent property height
test/1k2012love/1010.js:36:15: [maybe] Reading absent property height
test/1k2012love/1010.js:39:16: [maybe] Reading absent property width
test/1k2012love/shim.js:6:9: [maybe] Reading absent property body
test/1k2012love/shim.js:8:9: [maybe] Reading absent property getContext
test/1k2012love/shim.js:9:1: [maybe] Reading absent property body
test/1k2012love/1010.js:5:8: [maybe] Conversion from string to number yields NaN
test/1k2012love/1010.js:5:8: [maybe] Conversion to number yields NaN
test/1k2012love/1010.js:5:16: [maybe] The variable h has values with different types
test/1k2012love/1010.js:6:8: [maybe] Conversion from string to number yields NaN
test/1k2012love/1010.js:6:8: [maybe] Conversion to number yields NaN
test/1k2012love/1010.js:6:16: [maybe] The variable w has values with different types
test/1k2012love/1010.js:29:1: [maybe] Conversion from string to number yields NaN
test/1k2012love/1010.js:29:1: [maybe] Conversion to number yields NaN
test/1k2012love/1010.js:35:21: [maybe] Conversion from string to number yields NaN
test/1k2012love/1010.js:35:21: [maybe] Conversion to number yields NaN
test/1k2012love/shim.js:7:9: [maybe] Reading absent property (computed name)
test/1k2012love/shim.js,test/1k2012love/1010.js: [maybe] Uncaught exception, constructed at [test/1k2012love/shim.js:8:9, test/1k2012love/shim.js:9:1]
