test/v8tests/string-localecompare.js:34:12: [maybe] Converting object to string
test/v8tests/string-localecompare.js:34:12: [maybe] Converting primitive string to object
test/v8tests/string-localecompare.js:35:12: [maybe] Converting object to string
test/v8tests/string-localecompare.js:35:12: [maybe] Converting primitive string to object
test/v8tests/string-localecompare.js:36:12: [maybe] Converting object to string
test/v8tests/string-localecompare.js:36:12: [maybe] Converting primitive string to object
test/v8tests/string-localecompare.js:39:12: [maybe] Converting object to string
test/v8tests/string-localecompare.js:39:12: [maybe] Converting primitive string to object
test/v8tests/string-localecompare.js:40:12: [maybe] Converting object to string
test/v8tests/string-localecompare.js:40:12: [maybe] Converting primitive string to object
