test/v8tests/prototype.js:64:3: [definite] Dead assignment, property d is never read
test/v8tests/prototype.js:89:1: [definite] Dead assignment, property __proto__ is never read
test/v8tests/prototype.js:89:18: [definite] Reading absent property __proto__
test/v8tests/prototype.js:80:15: [definite] Unreachable function
