test/1k2012love/shim.js:6:5: [definite] The variable b is never used
test/1k2012love/shim.js:8:9: [maybe] TypeError, accessing property of null/undefined
test/1k2012love/shim.js:8:9: [maybe] TypeError, call to non-function
test/1k2012love/shim.js:9:1: [maybe] TypeError, accessing property of null/undefined
test/1k2012love/1041.js:4:9: [maybe] Reading absent property width
test/1k2012love/1041.js:5:9: [maybe] Reading absent property height
test/1k2012love/shim.js:6:9: [maybe] Reading absent property body
test/1k2012love/shim.js:8:9: [maybe] Reading absent property getContext
test/1k2012love/shim.js:9:1: [maybe] Reading absent property body
test/1k2012love/1041.js:10:2: [maybe] Conversion from string to number yields NaN
test/1k2012love/1041.js:10:2: [maybe] Conversion to number yields NaN
test/1k2012love/1041.js:10:17: [maybe] The variable w has values with different types
test/1k2012love/1041.js:10:19: [maybe] The variable h has values with different types
test/1k2012love/1041.js:14:11: [maybe] Conversion from string to number yields NaN
test/1k2012love/1041.js:14:11: [maybe] Conversion to number yields NaN
test/1k2012love/1041.js:14:11: [maybe] The variable w has values with different types
test/1k2012love/1041.js:15:11: [maybe] Conversion from string to number yields NaN
test/1k2012love/1041.js:15:11: [maybe] Conversion to number yields NaN
test/1k2012love/1041.js:15:11: [maybe] The variable w has values with different types
test/1k2012love/1041.js:16:11: [maybe] Conversion from string to number yields NaN
test/1k2012love/1041.js:16:11: [maybe] Conversion to number yields NaN
test/1k2012love/1041.js:16:11: [maybe] The variable h has values with different types
test/1k2012love/shim.js:7:9: [maybe] Reading absent property (computed name)
test/1k2012love/shim.js,test/1k2012love/1041.js: [maybe] Uncaught exception, constructed at [test/1k2012love/shim.js:8:9, test/1k2012love/shim.js:9:1]
