test/1k2012love/1091.js:13:1: [definite] The assignment to s has no effect
test/1k2012love/1091.js:77:20: [definite] Unreachable function
test/1k2012love/1091.js:4:1: [maybe] TypeError, accessing property of null/undefined
test/1k2012love/1091.js:16:1: [maybe] TypeError, accessing property of null/undefined
test/1k2012love/1091.js:39:3: [maybe] TypeError, accessing property of null/undefined
test/1k2012love/1091.js:77:1: [maybe] TypeError, accessing property of null/undefined
test/1k2012love/shim.js:8:9: [maybe] TypeError, accessing property of null/undefined
test/1k2012love/shim.js:8:9: [maybe] TypeError, call to non-function
test/1k2012love/shim.js:9:1: [maybe] TypeError, accessing property of null/undefined
test/1k2012love/1091.js:3:5: [maybe] Reading absent property style
test/1k2012love/shim.js:6:9: [maybe] Reading absent property body
test/1k2012love/shim.js:8:9: [maybe] Reading absent property getContext
test/1k2012love/shim.js:9:1: [maybe] Reading absent property body
test/1k2012love/shim.js:7:9: [maybe] Reading absent property (computed name)
test/1k2012love/shim.js,test/1k2012love/1091.js: [maybe] Uncaught exception, constructed at [test/1k2012love/1091.js:4:1, test/1k2012love/1091.js:16:1, test/1k2012love/1091.js:39:3, test/1k2012love/1091.js:77:1, test/1k2012love/shim.js:8:9, test/1k2012love/shim.js:9:1]
